'Before
'Hello,
'World!
'After
'tyep
'fnope
999
666
999
666
999
666
999
666
'a
'b
'b
'a
'b
'b
'a
'b
'b
64
23
93
39
23
