3
-2
18
3
1
-2
'true
'false
'false
'false
'true
'false
'false
'true
'true
'true
'false
'A
:A
A
'true
'false
'false
'false
'true
'false
'false
'false
'true
