0
3
[]
A
[]
C
[]
[B C]
[]
[A B]
[]
[A B C]
[A B C D E]
A
C
[]
['Z]
['Z A B]
['Z]
[A B 'Z]
[A B C]
[A B C]
[A B C]
[food in cans]
[]
