'complete
'complete
'complete!
'complete!
'evenmore!
